http("name of this step")
    .get("/users")
    .disableUrlEncoding()
    .queryParam("id","123")
.check(status().is(200))