http("name of this step")
    .get("/users")
    .disableUrlEncoding()
.check(status().is(200))